Case #1
5293628
Case #2
7420519
Case #3
15243377
Case #4
14597859
Case #5
15775230
Case #6
14275586
Case #7
26068452
Case #8
34027826
Case #9
34187362
Case #10
21929396
Case #11
50677056
Case #12
37054113
Case #13
65078650
Case #14
69014618
Case #15
73329804
Case #16
17426953
Case #17
54179061
Case #18
90964954
Case #19
67569062
Case #20
62132066
