Case #1
2
Case #2
2
Case #3
4
Case #4
3
Case #5
13
Case #6
3
Case #7
11
Case #8
2
Case #9
2
Case #10
10
Case #11
2
Case #12
2
Case #13
2
Case #14
14
Case #15
2
Case #16
4
Case #17
4
Case #18
20
Case #19
22
Case #20
6
Case #21
5
Case #22
3
Case #23
2
Case #24
12
Case #25
2
Case #26
2
Case #27
2
Case #28
2
Case #29
2
Case #30
10
Case #31
2
Case #32
4
Case #33
8
Case #34
2
Case #35
3
Case #36
8
Case #37
2
Case #38
2
Case #39
8
Case #40
5
Case #41
6
Case #42
12
Case #43
6
Case #44
4
Case #45
266
Case #46
170
Case #47
2
Case #48
6
Case #49
2
Case #50
15
Case #51
2
Case #52
3
Case #53
2
Case #54
102
Case #55
4
Case #56
4
Case #57
36
Case #58
2
Case #59
8
Case #60
3
Case #61
3
Case #62
22
Case #63
22
Case #64
8
Case #65
2
Case #66
36
Case #67
3
Case #68
2
Case #69
2
Case #70
4
Case #71
60
Case #72
2
Case #73
2
Case #74
2
Case #75
2
Case #76
11
Case #77
2
Case #78
90
Case #79
2
Case #80
2
Case #81
2
Case #82
10
Case #83
7
Case #84
2
Case #85
2
Case #86
2
Case #87
4
Case #88
2
Case #89
2
Case #90
2
Case #91
2
Case #92
2
Case #93
3
Case #94
3
Case #95
4
Case #96
21
Case #97
2
Case #98
2
Case #99
6
Case #100
2
