Case #1
1
Case #2
1
Case #3
1
Case #4
1
Case #5
1
Case #6
11
Case #7
10
Case #8
12
Case #9
1
Case #10
5
Case #11
20
Case #12
14
Case #13
15
Case #14
16
Case #15
1
Case #16
5
Case #17
23
Case #18
23
Case #19
25
Case #20
4
Case #21
6
Case #22
21
Case #23
23
Case #24
26
Case #25
21
Case #26
6
Case #27
10
Case #28
18
Case #29
22
Case #30
34
Case #31
29
Case #32
18
Case #33
22
Case #34
30
Case #35
46
Case #36
19
Case #37
25
Case #38
38
Case #39
1
Case #40
44
Case #41
28
Case #42
36
Case #43
26
Case #44
21
Case #45
21
Case #46
20
Case #47
39
Case #48
16
Case #49
1
Case #50
34
Case #51
18
Case #52
42
Case #53
29
Case #54
48
Case #55
14
Case #56
44
Case #57
36
Case #58
41
Case #59
25
Case #60
31
Case #61
33
Case #62
29
Case #63
30
Case #64
41
Case #65
16
Case #66
43
Case #67
39
Case #68
43
Case #69
15
Case #70
30
Case #71
20
Case #72
1
Case #73
10
Case #74
37
Case #75
34
Case #76
46
Case #77
16
Case #78
35
Case #79
28
Case #80
38
Case #81
37
Case #82
52
Case #83
27
Case #84
33
Case #85
27
Case #86
51
Case #87
11
Case #88
24
Case #89
48
Case #90
28
Case #91
17
Case #92
46
Case #93
44
Case #94
50
Case #95
25
Case #96
27
Case #97
31
Case #98
34
Case #99
37
Case #100
19
