Case #1
59
Case #2
10
Case #3
6
Case #4
35
Case #5
45
Case #6
28
Case #7
39
Case #8
71
Case #9
0
Case #10
23
Case #11
35
Case #12
81
Case #13
20
Case #14
13
Case #15
58
Case #16
17
Case #17
42
Case #18
37
Case #19
44
Case #20
18
Case #21
70
Case #22
15
Case #23
10
Case #24
58
Case #25
9
Case #26
25
Case #27
29
Case #28
52
Case #29
26
Case #30
0
Case #31
33
Case #32
18
Case #33
62
Case #34
49
Case #35
36
Case #36
14
Case #37
27
Case #38
5
Case #39
19
Case #40
2
Case #41
26
Case #42
11
Case #43
21
Case #44
0
Case #45
18
Case #46
0
Case #47
55
Case #48
0
Case #49
42
Case #50
29
Case #51
13
Case #52
37
Case #53
36
Case #54
35
Case #55
11
Case #56
37
Case #57
26
Case #58
78
Case #59
24
Case #60
30
Case #61
5
Case #62
0
Case #63
25
Case #64
34
Case #65
37
Case #66
46
Case #67
0
Case #68
6
Case #69
3
Case #70
31
Case #71
3
Case #72
0
Case #73
7
Case #74
22
Case #75
0
Case #76
34
Case #77
2
Case #78
0
Case #79
24
Case #80
38
Case #81
20
Case #82
51
Case #83
27
Case #84
32
Case #85
49
Case #86
9
Case #87
26
Case #88
56
Case #89
7
Case #90
0
Case #91
27
Case #92
17
Case #93
0
Case #94
32
Case #95
39
Case #96
27
Case #97
52
Case #98
51
Case #99
5
Case #100
53
