Case #1
980
Case #2
792
Case #3
167
Case #4
263
Case #5
11
Case #6
560
Case #7
322
Case #8
265
Case #9
266
Case #10
537
Case #11
133
Case #12
632
Case #13
161
Case #14
912
Case #15
661
Case #16
739
Case #17
128
Case #18
454
Case #19
893
Case #20
247
Case #21
817
Case #22
751
Case #23
224
Case #24
869
Case #25
668
Case #26
125
Case #27
235
Case #28
292
Case #29
79
Case #30
898
Case #31
978
Case #32
274
Case #33
244
Case #34
271
Case #35
463
Case #36
811
Case #37
96
Case #38
510
Case #39
785
Case #40
368
Case #41
355
Case #42
294
Case #43
792
Case #44
122
Case #45
511
Case #46
732
Case #47
976
Case #48
597
Case #49
816
Case #50
82
Case #51
107
Case #52
44
Case #53
509
Case #54
373
Case #55
123
Case #56
616
Case #57
563
Case #58
654
Case #59
660
Case #60
699
Case #61
265
Case #62
783
Case #63
968
Case #64
635
Case #65
545
Case #66
371
Case #67
185
Case #68
304
Case #69
229
Case #70
760
Case #71
227
Case #72
510
Case #73
655
Case #74
491
Case #75
189
Case #76
109
Case #77
420
Case #78
990
Case #79
336
Case #80
601
Case #81
222
Case #82
272
Case #83
243
Case #84
925
Case #85
181
Case #86
64
Case #87
193
Case #88
280
Case #89
833
Case #90
205
Case #91
119
Case #92
168
Case #93
406
Case #94
29
Case #95
7
Case #96
617
Case #97
359
Case #98
990
Case #99
347
Case #100
292
